Java HotSpot(TM) 64-Bit Server VM (25.261-b12) for windows-amd64 JRE (1.8.0_261-b12), built on Jun 18 2020 06:56:32 by "" with unknown MS VC++:1916
Memory: 4k page, physical 8239420k(1718044k free), swap 19379152k(4004020k free)
CommandLine flags: -XX:InitialHeapSize=4294967296 -XX:MaxHeapSize=4294967296 -XX:MaxNewSize=697933824 -XX:MaxTenuringThreshold=6 -XX:NewSize=697933824 -XX:OldPLABSize=16 -XX:OldSize=1395867648 -XX:+PrintGC -XX:+PrintGCDateStamps -XX:+PrintGCDetails -XX:+PrintGCTimeStamps -XX:+UseCompressedClassPointers -XX:+UseCompressedOops -XX:+UseConcMarkSweepGC -XX:-UseLargePagesIndividualAllocation -XX:+UseParNewGC 
2020-10-28T18:23:54.917+0800: 0.944: [GC (Allocation Failure) 2020-10-28T18:23:54.918+0800: 0.944: [ParNew: 545344K->68095K(613440K), 0.0362146 secs] 545344K->150637K(4126208K), 0.0364410 secs] [Times: user=0.06 sys=0.16, real=0.04 secs] 
2020-10-28T18:23:55.044+0800: 1.070: [GC (Allocation Failure) 2020-10-28T18:23:55.044+0800: 1.070: [ParNew: 613439K->68096K(613440K), 0.0709248 secs] 695981K->285482K(4126208K), 0.0710375 secs] [Times: user=0.17 sys=0.31, real=0.07 secs] 
2020-10-28T18:23:55.197+0800: 1.224: [GC (Allocation Failure) 2020-10-28T18:23:55.197+0800: 1.224: [ParNew: 613440K->68094K(613440K), 0.1152662 secs] 830826K->411628K(4126208K), 0.1153612 secs] [Times: user=0.63 sys=0.11, real=0.12 secs] 
2020-10-28T18:23:55.377+0800: 1.404: [GC (Allocation Failure) 2020-10-28T18:23:55.377+0800: 1.404: [ParNew: 613438K->68095K(613440K), 0.1234243 secs] 956972K->532161K(4126208K), 0.1235296 secs] [Times: user=0.81 sys=0.09, real=0.12 secs] 
2020-10-28T18:23:55.571+0800: 1.597: [GC (Allocation Failure) 2020-10-28T18:23:55.571+0800: 1.597: [ParNew: 613439K->68096K(613440K), 0.2244099 secs] 1077505K->657768K(4126208K), 0.2245454 secs] [Times: user=1.13 sys=0.23, real=0.22 secs] 
Heap
 par new generation   total 613440K, used 90322K [0x00000006c0000000, 0x00000006e9990000, 0x00000006e9990000)
  eden space 545344K,   4% used [0x00000006c0000000, 0x00000006c15b4ad0, 0x00000006e1490000)
  from space 68096K, 100% used [0x00000006e5710000, 0x00000006e9990000, 0x00000006e9990000)
  to   space 68096K,   0% used [0x00000006e1490000, 0x00000006e1490000, 0x00000006e5710000)
 concurrent mark-sweep generation total 3512768K, used 589672K [0x00000006e9990000, 0x00000007c0000000, 0x00000007c0000000)
 Metaspace       used 2643K, capacity 4486K, committed 4864K, reserved 1056768K
  class space    used 291K, capacity 386K, committed 512K, reserved 1048576K
