Java HotSpot(TM) 64-Bit Server VM (25.261-b12) for windows-amd64 JRE (1.8.0_261-b12), built on Jun 18 2020 06:56:32 by "" with unknown MS VC++:1916
Memory: 4k page, physical 8239420k(1859764k free), swap 19503628k(4100928k free)
CommandLine flags: -XX:InitialHeapSize=536870912 -XX:MaxHeapSize=536870912 -XX:MaxNewSize=178958336 -XX:MaxTenuringThreshold=6 -XX:NewSize=178958336 -XX:OldPLABSize=16 -XX:OldSize=357912576 -XX:+PrintGC -XX:+PrintGCDateStamps -XX:+PrintGCDetails -XX:+PrintGCTimeStamps -XX:+UseCompressedClassPointers -XX:+UseCompressedOops -XX:+UseConcMarkSweepGC -XX:-UseLargePagesIndividualAllocation -XX:+UseParNewGC 
2020-10-28T18:25:40.063+0800: 0.191: [GC (Allocation Failure) 2020-10-28T18:25:40.063+0800: 0.191: [ParNew: 139197K->17468K(157248K), 0.0094195 secs] 139197K->42435K(506816K), 0.0096575 secs] [Times: user=0.05 sys=0.08, real=0.01 secs] 
2020-10-28T18:25:40.091+0800: 0.219: [GC (Allocation Failure) 2020-10-28T18:25:40.091+0800: 0.219: [ParNew: 156853K->17471K(157248K), 0.0139371 secs] 181820K->89738K(506816K), 0.0140193 secs] [Times: user=0.03 sys=0.09, real=0.01 secs] 
2020-10-28T18:25:40.123+0800: 0.251: [GC (Allocation Failure) 2020-10-28T18:25:40.124+0800: 0.251: [ParNew: 157064K->17472K(157248K), 0.0344922 secs] 229331K->135418K(506816K), 0.0345913 secs] [Times: user=0.20 sys=0.03, real=0.04 secs] 
2020-10-28T18:25:40.177+0800: 0.305: [GC (Allocation Failure) 2020-10-28T18:25:40.177+0800: 0.305: [ParNew: 156701K->17472K(157248K), 0.0357341 secs] 274647K->184071K(506816K), 0.0358264 secs] [Times: user=0.17 sys=0.05, real=0.04 secs] 
2020-10-28T18:25:40.231+0800: 0.359: [GC (Allocation Failure) 2020-10-28T18:25:40.231+0800: 0.359: [ParNew: 157248K->17472K(157248K), 0.0362848 secs] 323847K->233312K(506816K), 0.0363750 secs] [Times: user=0.14 sys=0.03, real=0.04 secs] 
2020-10-28T18:25:40.268+0800: 0.396: [GC (CMS Initial Mark) [1 CMS-initial-mark: 215840K(349568K)] 238971K(506816K), 0.0002225 secs] [Times: user=0.00 sys=0.00, real=0.00 secs] 
2020-10-28T18:25:40.268+0800: 0.396: [CMS-concurrent-mark-start]
2020-10-28T18:25:40.270+0800: 0.398: [CMS-concurrent-mark: 0.002/0.002 secs] [Times: user=0.05 sys=0.00, real=0.00 secs] 
2020-10-28T18:25:40.270+0800: 0.398: [CMS-concurrent-preclean-start]
2020-10-28T18:25:40.271+0800: 0.398: [CMS-concurrent-preclean: 0.000/0.000 secs] [Times: user=0.00 sys=0.00, real=0.00 secs] 
2020-10-28T18:25:40.271+0800: 0.398: [CMS-concurrent-abortable-preclean-start]
2020-10-28T18:25:40.287+0800: 0.414: [GC (Allocation Failure) 2020-10-28T18:25:40.287+0800: 0.415: [ParNew: 157225K->17469K(157248K), 0.0301835 secs] 373066K->271230K(506816K), 0.0302771 secs] [Times: user=0.20 sys=0.02, real=0.03 secs] 
2020-10-28T18:25:40.335+0800: 0.462: [GC (Allocation Failure) 2020-10-28T18:25:40.335+0800: 0.462: [ParNew: 157245K->17471K(157248K), 0.0361526 secs] 411006K->318572K(506816K), 0.0362920 secs] [Times: user=0.20 sys=0.03, real=0.04 secs] 
2020-10-28T18:25:40.388+0800: 0.516: [GC (Allocation Failure) 2020-10-28T18:25:40.388+0800: 0.516: [ParNew: 157247K->157247K(157248K), 0.0000234 secs]2020-10-28T18:25:40.388+0800: 0.516: [CMS2020-10-28T18:25:40.388+0800: 0.516: [CMS-concurrent-abortable-preclean: 0.003/0.117 secs] [Times: user=0.45 sys=0.05, real=0.12 secs] 
 (concurrent mode failure): 301100K->253508K(349568K), 0.0396398 secs] 458348K->253508K(506816K), [Metaspace: 2637K->2637K(1056768K)], 0.0397755 secs] [Times: user=0.05 sys=0.00, real=0.04 secs] 
2020-10-28T18:25:40.444+0800: 0.572: [GC (Allocation Failure) 2020-10-28T18:25:40.444+0800: 0.572: [ParNew: 139669K->17471K(157248K), 0.0073162 secs] 393177K->298428K(506816K), 0.0074076 secs] [Times: user=0.00 sys=0.00, real=0.01 secs] 
2020-10-28T18:25:40.452+0800: 0.580: [GC (CMS Initial Mark) [1 CMS-initial-mark: 280956K(349568K)] 301585K(506816K), 0.0006131 secs] [Times: user=0.00 sys=0.00, real=0.00 secs] 
2020-10-28T18:25:40.453+0800: 0.580: [CMS-concurrent-mark-start]
2020-10-28T18:25:40.454+0800: 0.582: [CMS-concurrent-mark: 0.001/0.001 secs] [Times: user=0.00 sys=0.00, real=0.00 secs] 
2020-10-28T18:25:40.454+0800: 0.582: [CMS-concurrent-preclean-start]
2020-10-28T18:25:40.455+0800: 0.582: [CMS-concurrent-preclean: 0.000/0.000 secs] [Times: user=0.00 sys=0.00, real=0.00 secs] 
2020-10-28T18:25:40.455+0800: 0.582: [CMS-concurrent-abortable-preclean-start]
2020-10-28T18:25:40.470+0800: 0.598: [GC (Allocation Failure) 2020-10-28T18:25:40.470+0800: 0.598: [ParNew: 157247K->17471K(157248K), 0.0247852 secs] 438204K->344962K(506816K), 0.0248924 secs] [Times: user=0.22 sys=0.01, real=0.02 secs] 
2020-10-28T18:25:40.512+0800: 0.639: [GC (Allocation Failure) 2020-10-28T18:25:40.512+0800: 0.639: [ParNew: 157247K->157247K(157248K), 0.0000240 secs]2020-10-28T18:25:40.512+0800: 0.639: [CMS2020-10-28T18:25:40.512+0800: 0.639: [CMS-concurrent-abortable-preclean: 0.002/0.057 secs] [Times: user=0.25 sys=0.01, real=0.06 secs] 
 (concurrent mode failure): 327491K->292843K(349568K), 0.0450238 secs] 484738K->292843K(506816K), [Metaspace: 2637K->2637K(1056768K)], 0.0451595 secs] [Times: user=0.05 sys=0.00, real=0.04 secs] 
2020-10-28T18:25:40.574+0800: 0.702: [GC (Allocation Failure) 2020-10-28T18:25:40.574+0800: 0.702: [ParNew: 139776K->17470K(157248K), 0.0082390 secs] 432619K->338352K(506816K), 0.0083340 secs] [Times: user=0.00 sys=0.00, real=0.01 secs] 
2020-10-28T18:25:40.583+0800: 0.710: [GC (CMS Initial Mark) [1 CMS-initial-mark: 320881K(349568K)] 341710K(506816K), 0.0007290 secs] [Times: user=0.00 sys=0.00, real=0.00 secs] 
2020-10-28T18:25:40.583+0800: 0.711: [CMS-concurrent-mark-start]
2020-10-28T18:25:40.585+0800: 0.713: [CMS-concurrent-mark: 0.002/0.002 secs] [Times: user=0.00 sys=0.00, real=0.00 secs] 
2020-10-28T18:25:40.585+0800: 0.713: [CMS-concurrent-preclean-start]
2020-10-28T18:25:40.586+0800: 0.713: [CMS-concurrent-preclean: 0.000/0.000 secs] [Times: user=0.00 sys=0.00, real=0.00 secs] 
2020-10-28T18:25:40.586+0800: 0.713: [CMS-concurrent-abortable-preclean-start]
2020-10-28T18:25:40.586+0800: 0.713: [CMS-concurrent-abortable-preclean: 0.000/0.000 secs] [Times: user=0.00 sys=0.00, real=0.00 secs] 
2020-10-28T18:25:40.586+0800: 0.714: [GC (CMS Final Remark) [YG occupancy: 34636 K (157248 K)]2020-10-28T18:25:40.586+0800: 0.714: [Rescan (parallel) , 0.0008202 secs]2020-10-28T18:25:40.587+0800: 0.714: [weak refs processing, 0.0000212 secs]2020-10-28T18:25:40.587+0800: 0.714: [class unloading, 0.0001951 secs]2020-10-28T18:25:40.587+0800: 0.715: [scrub symbol table, 0.0002942 secs]2020-10-28T18:25:40.587+0800: 0.715: [scrub string table, 0.0001002 secs][1 CMS-remark: 320881K(349568K)] 355517K(506816K), 0.0015358 secs] [Times: user=0.00 sys=0.00, real=0.00 secs] 
2020-10-28T18:25:40.588+0800: 0.715: [CMS-concurrent-sweep-start]
2020-10-28T18:25:40.588+0800: 0.716: [CMS-concurrent-sweep: 0.001/0.001 secs] [Times: user=0.00 sys=0.00, real=0.00 secs] 
2020-10-28T18:25:40.588+0800: 0.716: [CMS-concurrent-reset-start]
2020-10-28T18:25:40.588+0800: 0.716: [CMS-concurrent-reset: 0.000/0.000 secs] [Times: user=0.00 sys=0.00, real=0.00 secs] 
2020-10-28T18:25:40.602+0800: 0.730: [GC (Allocation Failure) 2020-10-28T18:25:40.602+0800: 0.730: [ParNew: 157176K->17470K(157248K), 0.0122273 secs] 440575K->346021K(506816K), 0.0123175 secs] [Times: user=0.11 sys=0.00, real=0.01 secs] 
2020-10-28T18:25:40.615+0800: 0.742: [GC (CMS Initial Mark) [1 CMS-initial-mark: 328551K(349568K)] 349733K(506816K), 0.0005971 secs] [Times: user=0.00 sys=0.00, real=0.00 secs] 
2020-10-28T18:25:40.615+0800: 0.743: [CMS-concurrent-mark-start]
2020-10-28T18:25:40.617+0800: 0.745: [CMS-concurrent-mark: 0.002/0.002 secs] [Times: user=0.00 sys=0.00, real=0.00 secs] 
2020-10-28T18:25:40.617+0800: 0.745: [CMS-concurrent-preclean-start]
2020-10-28T18:25:40.618+0800: 0.745: [CMS-concurrent-preclean: 0.001/0.001 secs] [Times: user=0.00 sys=0.00, real=0.00 secs] 
2020-10-28T18:25:40.618+0800: 0.746: [CMS-concurrent-abortable-preclean-start]
2020-10-28T18:25:40.618+0800: 0.746: [CMS-concurrent-abortable-preclean: 0.000/0.000 secs] [Times: user=0.00 sys=0.00, real=0.00 secs] 
2020-10-28T18:25:40.618+0800: 0.746: [GC (CMS Final Remark) [YG occupancy: 36317 K (157248 K)]2020-10-28T18:25:40.618+0800: 0.746: [Rescan (parallel) , 0.0008316 secs]2020-10-28T18:25:40.619+0800: 0.747: [weak refs processing, 0.0000195 secs]2020-10-28T18:25:40.619+0800: 0.747: [class unloading, 0.0002146 secs]2020-10-28T18:25:40.619+0800: 0.747: [scrub symbol table, 0.0003060 secs]2020-10-28T18:25:40.620+0800: 0.747: [scrub string table, 0.0000979 secs][1 CMS-remark: 328551K(349568K)] 364868K(506816K), 0.0015723 secs] [Times: user=0.00 sys=0.00, real=0.00 secs] 
2020-10-28T18:25:40.620+0800: 0.748: [CMS-concurrent-sweep-start]
2020-10-28T18:25:40.620+0800: 0.748: [CMS-concurrent-sweep: 0.001/0.001 secs] [Times: user=0.00 sys=0.00, real=0.00 secs] 
2020-10-28T18:25:40.620+0800: 0.748: [CMS-concurrent-reset-start]
2020-10-28T18:25:40.621+0800: 0.748: [CMS-concurrent-reset: 0.000/0.000 secs] [Times: user=0.00 sys=0.00, real=0.00 secs] 
2020-10-28T18:25:40.634+0800: 0.762: [GC (Allocation Failure) 2020-10-28T18:25:40.634+0800: 0.762: [ParNew: 157246K->157246K(157248K), 0.0000218 secs]2020-10-28T18:25:40.634+0800: 0.762: [CMS: 296724K->321357K(349568K), 0.0481884 secs] 453970K->321357K(506816K), [Metaspace: 2637K->2637K(1056768K)], 0.0483207 secs] [Times: user=0.05 sys=0.00, real=0.05 secs] 
2020-10-28T18:25:40.683+0800: 0.810: [GC (CMS Initial Mark) [1 CMS-initial-mark: 321357K(349568K)] 324240K(506816K), 0.0008897 secs] [Times: user=0.00 sys=0.00, real=0.00 secs] 
2020-10-28T18:25:40.684+0800: 0.811: [CMS-concurrent-mark-start]
2020-10-28T18:25:40.685+0800: 0.813: [CMS-concurrent-mark: 0.002/0.002 secs] [Times: user=0.00 sys=0.00, real=0.00 secs] 
2020-10-28T18:25:40.685+0800: 0.813: [CMS-concurrent-preclean-start]
2020-10-28T18:25:40.686+0800: 0.813: [CMS-concurrent-preclean: 0.000/0.000 secs] [Times: user=0.00 sys=0.00, real=0.00 secs] 
2020-10-28T18:25:40.686+0800: 0.813: [CMS-concurrent-abortable-preclean-start]
2020-10-28T18:25:40.701+0800: 0.828: [GC (Allocation Failure) 2020-10-28T18:25:40.701+0800: 0.828: [ParNew: 139776K->139776K(157248K), 0.0000218 secs]2020-10-28T18:25:40.701+0800: 0.828: [CMS2020-10-28T18:25:40.701+0800: 0.829: [CMS-concurrent-abortable-preclean: 0.000/0.015 secs] [Times: user=0.01 sys=0.00, real=0.01 secs] 
 (concurrent mode failure): 321357K->323310K(349568K), 0.0477872 secs] 461133K->323310K(506816K), [Metaspace: 2637K->2637K(1056768K)], 0.0479323 secs] [Times: user=0.05 sys=0.00, real=0.05 secs] 
2020-10-28T18:25:40.767+0800: 0.894: [GC (Allocation Failure) 2020-10-28T18:25:40.767+0800: 0.894: [ParNew: 139776K->139776K(157248K), 0.0000212 secs]2020-10-28T18:25:40.767+0800: 0.894: [CMS: 323310K->333309K(349568K), 0.0506738 secs] 463086K->333309K(506816K), [Metaspace: 2637K->2637K(1056768K)], 0.0508028 secs] [Times: user=0.05 sys=0.02, real=0.05 secs] 
2020-10-28T18:25:40.818+0800: 0.945: [GC (CMS Initial Mark) [1 CMS-initial-mark: 333309K(349568K)] 337610K(506816K), 0.0009020 secs] [Times: user=0.00 sys=0.00, real=0.00 secs] 
2020-10-28T18:25:40.819+0800: 0.946: [CMS-concurrent-mark-start]
2020-10-28T18:25:40.820+0800: 0.948: [CMS-concurrent-mark: 0.002/0.002 secs] [Times: user=0.00 sys=0.00, real=0.00 secs] 
2020-10-28T18:25:40.820+0800: 0.948: [CMS-concurrent-preclean-start]
2020-10-28T18:25:40.821+0800: 0.949: [CMS-concurrent-preclean: 0.000/0.000 secs] [Times: user=0.00 sys=0.00, real=0.00 secs] 
2020-10-28T18:25:40.821+0800: 0.949: [CMS-concurrent-abortable-preclean-start]
2020-10-28T18:25:40.821+0800: 0.949: [CMS-concurrent-abortable-preclean: 0.000/0.000 secs] [Times: user=0.00 sys=0.00, real=0.00 secs] 
2020-10-28T18:25:40.821+0800: 0.949: [GC (CMS Final Remark) [YG occupancy: 20489 K (157248 K)]2020-10-28T18:25:40.821+0800: 0.949: [Rescan (parallel) , 0.0009002 secs]2020-10-28T18:25:40.822+0800: 0.950: [weak refs processing, 0.0000172 secs]2020-10-28T18:25:40.822+0800: 0.950: [class unloading, 0.0002026 secs]2020-10-28T18:25:40.822+0800: 0.950: [scrub symbol table, 0.0003642 secs]2020-10-28T18:25:40.823+0800: 0.950: [scrub string table, 0.0001036 secs][1 CMS-remark: 333309K(349568K)] 353799K(506816K), 0.0016924 secs] [Times: user=0.00 sys=0.00, real=0.00 secs] 
2020-10-28T18:25:40.823+0800: 0.951: [CMS-concurrent-sweep-start]
2020-10-28T18:25:40.824+0800: 0.951: [CMS-concurrent-sweep: 0.000/0.000 secs] [Times: user=0.00 sys=0.00, real=0.00 secs] 
2020-10-28T18:25:40.824+0800: 0.951: [CMS-concurrent-reset-start]
2020-10-28T18:25:40.824+0800: 0.952: [CMS-concurrent-reset: 0.000/0.000 secs] [Times: user=0.00 sys=0.00, real=0.00 secs] 
2020-10-28T18:25:40.838+0800: 0.966: [GC (Allocation Failure) 2020-10-28T18:25:40.838+0800: 0.966: [ParNew: 139776K->139776K(157248K), 0.0000220 secs]2020-10-28T18:25:40.838+0800: 0.966: [CMS: 331928K->330358K(349568K), 0.0567243 secs] 471704K->330358K(506816K), [Metaspace: 2637K->2637K(1056768K)], 0.0568865 secs] [Times: user=0.06 sys=0.00, real=0.06 secs] 
2020-10-28T18:25:40.895+0800: 1.023: [GC (CMS Initial Mark) [1 CMS-initial-mark: 330358K(349568K)] 333280K(506816K), 0.0003822 secs] [Times: user=0.00 sys=0.00, real=0.00 secs] 
2020-10-28T18:25:40.896+0800: 1.023: [CMS-concurrent-mark-start]
2020-10-28T18:25:40.898+0800: 1.025: [CMS-concurrent-mark: 0.002/0.002 secs] [Times: user=0.00 sys=0.00, real=0.00 secs] 
2020-10-28T18:25:40.898+0800: 1.025: [CMS-concurrent-preclean-start]
2020-10-28T18:25:40.898+0800: 1.026: [CMS-concurrent-preclean: 0.000/0.000 secs] [Times: user=0.00 sys=0.00, real=0.00 secs] 
2020-10-28T18:25:40.898+0800: 1.026: [CMS-concurrent-abortable-preclean-start]
2020-10-28T18:25:40.917+0800: 1.044: [GC (Allocation Failure) 2020-10-28T18:25:40.917+0800: 1.044: [ParNew: 139776K->139776K(157248K), 0.0000248 secs]2020-10-28T18:25:40.917+0800: 1.044: [CMS2020-10-28T18:25:40.917+0800: 1.045: [CMS-concurrent-abortable-preclean: 0.001/0.019 secs] [Times: user=0.02 sys=0.00, real=0.02 secs] 
 (concurrent mode failure): 330358K->333816K(349568K), 0.0567044 secs] 470134K->333816K(506816K), [Metaspace: 2637K->2637K(1056768K)], 0.0568410 secs] [Times: user=0.06 sys=0.00, real=0.06 secs] 
Heap
 par new generation   total 157248K, used 6136K [0x00000000e0000000, 0x00000000eaaa0000, 0x00000000eaaa0000)
  eden space 139776K,   4% used [0x00000000e0000000, 0x00000000e05fe248, 0x00000000e8880000)
  from space 17472K,   0% used [0x00000000e9990000, 0x00000000e9990000, 0x00000000eaaa0000)
  to   space 17472K,   0% used [0x00000000e8880000, 0x00000000e8880000, 0x00000000e9990000)
 concurrent mark-sweep generation total 349568K, used 333816K [0x00000000eaaa0000, 0x0000000100000000, 0x0000000100000000)
 Metaspace       used 2643K, capacity 4486K, committed 4864K, reserved 1056768K
  class space    used 291K, capacity 386K, committed 512K, reserved 1048576K
