Java HotSpot(TM) 64-Bit Server VM (25.261-b12) for windows-amd64 JRE (1.8.0_261-b12), built on Jun 18 2020 06:56:32 by "" with unknown MS VC++:1916
Memory: 4k page, physical 8239420k(1312176k free), swap 18668516k(3385596k free)
CommandLine flags: -XX:InitialHeapSize=1073741824 -XX:MaxHeapSize=1073741824 -XX:+PrintGC -XX:+PrintGCDateStamps -XX:+PrintGCDetails -XX:+PrintGCTimeStamps -XX:+UseCompressedClassPointers -XX:+UseCompressedOops -XX:-UseLargePagesIndividualAllocation -XX:+UseParallelGC 
2020-10-28T18:12:16.544+0800: 0.266: [GC (Allocation Failure) [PSYoungGen: 261979K->43508K(305664K)] 261979K->80173K(1005056K), 0.0168108 secs] [Times: user=0.05 sys=0.06, real=0.02 secs] 
2020-10-28T18:12:16.602+0800: 0.325: [GC (Allocation Failure) [PSYoungGen: 305652K->43518K(305664K)] 342317K->158021K(1005056K), 0.0233858 secs] [Times: user=0.02 sys=0.11, real=0.02 secs] 
2020-10-28T18:12:16.660+0800: 0.383: [GC (Allocation Failure) [PSYoungGen: 305662K->43512K(305664K)] 420165K->235047K(1005056K), 0.0227617 secs] [Times: user=0.17 sys=0.08, real=0.02 secs] 
2020-10-28T18:12:16.718+0800: 0.441: [GC (Allocation Failure) [PSYoungGen: 305656K->43511K(305664K)] 497191K->306655K(1005056K), 0.0243088 secs] [Times: user=0.16 sys=0.09, real=0.02 secs] 
2020-10-28T18:12:16.775+0800: 0.498: [GC (Allocation Failure) [PSYoungGen: 305655K->43517K(305664K)] 568799K->379551K(1005056K), 0.0248079 secs] [Times: user=0.02 sys=0.09, real=0.02 secs] 
2020-10-28T18:12:16.835+0800: 0.558: [GC (Allocation Failure) [PSYoungGen: 305661K->43513K(160256K)] 641695K->457764K(859648K), 0.0299261 secs] [Times: user=0.01 sys=0.13, real=0.03 secs] 
2020-10-28T18:12:16.881+0800: 0.604: [GC (Allocation Failure) [PSYoungGen: 160249K->73721K(232960K)] 574500K->492885K(932352K), 0.0122852 secs] [Times: user=0.00 sys=0.00, real=0.01 secs] 
2020-10-28T18:12:16.910+0800: 0.633: [GC (Allocation Failure) [PSYoungGen: 190457K->93624K(232960K)] 609621K->522726K(932352K), 0.0176728 secs] [Times: user=0.14 sys=0.02, real=0.02 secs] 
2020-10-28T18:12:16.945+0800: 0.668: [GC (Allocation Failure) [PSYoungGen: 210302K->103474K(232960K)] 639403K->552011K(932352K), 0.0213931 secs] [Times: user=0.11 sys=0.00, real=0.02 secs] 
2020-10-28T18:12:16.984+0800: 0.707: [GC (Allocation Failure) [PSYoungGen: 220210K->76655K(232960K)] 668747K->583233K(932352K), 0.0263380 secs] [Times: user=0.06 sys=0.14, real=0.03 secs] 
2020-10-28T18:12:17.026+0800: 0.749: [GC (Allocation Failure) [PSYoungGen: 193391K->39495K(232960K)] 699969K->614058K(932352K), 0.2712464 secs] [Times: user=0.09 sys=1.59, real=0.27 secs] 
2020-10-28T18:12:17.327+0800: 1.050: [GC (Allocation Failure) [PSYoungGen: 156231K->40204K(232960K)] 730794K->647196K(932352K), 0.0261381 secs] [Times: user=0.13 sys=0.06, real=0.03 secs] 
2020-10-28T18:12:17.354+0800: 1.077: [Full GC (Ergonomics) [PSYoungGen: 40204K->0K(232960K)] [ParOldGen: 606991K->337258K(699392K)] 647196K->337258K(932352K), [Metaspace: 2637K->2637K(1056768K)], 0.2467640 secs] [Times: user=0.16 sys=0.97, real=0.25 secs] 
Heap
 PSYoungGen      total 232960K, used 5233K [0x00000000eab00000, 0x0000000100000000, 0x0000000100000000)
  eden space 116736K, 4% used [0x00000000eab00000,0x00000000eb01c6c8,0x00000000f1d00000)
  from space 116224K, 0% used [0x00000000f8e80000,0x00000000f8e80000,0x0000000100000000)
  to   space 116224K, 0% used [0x00000000f1d00000,0x00000000f1d00000,0x00000000f8e80000)
 ParOldGen       total 699392K, used 337258K [0x00000000c0000000, 0x00000000eab00000, 0x00000000eab00000)
  object space 699392K, 48% used [0x00000000c0000000,0x00000000d495aad0,0x00000000eab00000)
 Metaspace       used 2643K, capacity 4486K, committed 4864K, reserved 1056768K
  class space    used 291K, capacity 386K, committed 512K, reserved 1048576K
