Java HotSpot(TM) 64-Bit Server VM (25.261-b12) for windows-amd64 JRE (1.8.0_261-b12), built on Jun 18 2020 06:56:32 by "" with unknown MS VC++:1916
Memory: 4k page, physical 8239420k(1205908k free), swap 17590580k(2318448k free)
CommandLine flags: -XX:InitialHeapSize=268435456 -XX:MaxHeapSize=268435456 -XX:+PrintGC -XX:+PrintGCDateStamps -XX:+PrintGCDetails -XX:+PrintGCTimeStamps -XX:+UseCompressedClassPointers -XX:+UseCompressedOops -XX:-UseLargePagesIndividualAllocation -XX:+UseParallelGC 
2020-10-28T18:11:44.416+0800: 0.158: [GC (Allocation Failure) [PSYoungGen: 65487K->10741K(76288K)] 65487K->19453K(251392K), 0.0053946 secs] [Times: user=0.00 sys=0.00, real=0.01 secs] 
2020-10-28T18:11:44.436+0800: 0.178: [GC (Allocation Failure) [PSYoungGen: 76277K->10740K(76288K)] 84989K->44558K(251392K), 0.0082741 secs] [Times: user=0.05 sys=0.06, real=0.01 secs] 
2020-10-28T18:11:44.453+0800: 0.196: [GC (Allocation Failure) [PSYoungGen: 76276K->10741K(76288K)] 110094K->64861K(251392K), 0.0064746 secs] [Times: user=0.00 sys=0.13, real=0.01 secs] 
2020-10-28T18:11:44.468+0800: 0.210: [GC (Allocation Failure) [PSYoungGen: 76277K->10748K(76288K)] 130397K->83132K(251392K), 0.0057730 secs] [Times: user=0.00 sys=0.13, real=0.01 secs] 
2020-10-28T18:11:44.483+0800: 0.226: [GC (Allocation Failure) [PSYoungGen: 76284K->10749K(76288K)] 148668K->105542K(251392K), 0.0070718 secs] [Times: user=0.08 sys=0.05, real=0.01 secs] 
2020-10-28T18:11:44.500+0800: 0.242: [GC (Allocation Failure) [PSYoungGen: 76285K->10741K(40448K)] 171078K->127019K(215552K), 0.0068625 secs] [Times: user=0.02 sys=0.05, real=0.01 secs] 
2020-10-28T18:11:44.512+0800: 0.254: [GC (Allocation Failure) [PSYoungGen: 40437K->15075K(58368K)] 156715K->134860K(233472K), 0.0031557 secs] [Times: user=0.00 sys=0.00, real=0.00 secs] 
2020-10-28T18:11:44.519+0800: 0.262: [GC (Allocation Failure) [PSYoungGen: 44771K->25454K(58368K)] 164556K->147085K(233472K), 0.0045560 secs] [Times: user=0.01 sys=0.00, real=0.00 secs] 
2020-10-28T18:11:44.528+0800: 0.271: [GC (Allocation Failure) [PSYoungGen: 54584K->28605K(58368K)] 176215K->156750K(233472K), 0.0055759 secs] [Times: user=0.00 sys=0.00, real=0.01 secs] 
2020-10-28T18:11:44.537+0800: 0.280: [GC (Allocation Failure) [PSYoungGen: 58150K->21933K(58368K)] 186295K->168667K(233472K), 0.0068644 secs] [Times: user=0.00 sys=0.00, real=0.01 secs] 
2020-10-28T18:11:44.545+0800: 0.287: [Full GC (Ergonomics) [PSYoungGen: 21933K->0K(58368K)] [ParOldGen: 146733K->144532K(175104K)] 168667K->144532K(233472K), [Metaspace: 2637K->2637K(1056768K)], 0.0250469 secs] [Times: user=0.23 sys=0.00, real=0.02 secs] 
2020-10-28T18:11:44.574+0800: 0.316: [GC (Allocation Failure) [PSYoungGen: 29696K->13373K(58368K)] 174228K->157905K(233472K), 0.0026453 secs] [Times: user=0.00 sys=0.00, real=0.00 secs] 
2020-10-28T18:11:44.582+0800: 0.324: [GC (Allocation Failure) [PSYoungGen: 42424K->14241K(58368K)] 186956K->171252K(233472K), 0.0048463 secs] [Times: user=0.11 sys=0.02, real=0.00 secs] 
2020-10-28T18:11:44.587+0800: 0.329: [Full GC (Ergonomics) [PSYoungGen: 14241K->0K(58368K)] [ParOldGen: 157010K->164347K(175104K)] 171252K->164347K(233472K), [Metaspace: 2637K->2637K(1056768K)], 0.0252904 secs] [Times: user=0.13 sys=0.00, real=0.03 secs] 
2020-10-28T18:11:44.618+0800: 0.360: [Full GC (Ergonomics) [PSYoungGen: 29601K->0K(58368K)] [ParOldGen: 164347K->170277K(175104K)] 193949K->170277K(233472K), [Metaspace: 2637K->2637K(1056768K)], 0.0246008 secs] [Times: user=0.11 sys=0.02, real=0.02 secs] 
2020-10-28T18:11:44.647+0800: 0.389: [Full GC (Ergonomics) [PSYoungGen: 29572K->2522K(58368K)] [ParOldGen: 170277K->175094K(175104K)] 199849K->177616K(233472K), [Metaspace: 2637K->2637K(1056768K)], 0.0231880 secs] [Times: user=0.13 sys=0.00, real=0.02 secs] 
2020-10-28T18:11:44.675+0800: 0.417: [Full GC (Ergonomics) [PSYoungGen: 29643K->12404K(58368K)] [ParOldGen: 175094K->174148K(175104K)] 204737K->186553K(233472K), [Metaspace: 2637K->2637K(1056768K)], 0.0254031 secs] [Times: user=0.16 sys=0.03, real=0.03 secs] 
2020-10-28T18:11:44.703+0800: 0.445: [Full GC (Ergonomics) [PSYoungGen: 29696K->14778K(58368K)] [ParOldGen: 174148K->174836K(175104K)] 203844K->189614K(233472K), [Metaspace: 2637K->2637K(1056768K)], 0.0267036 secs] [Times: user=0.23 sys=0.00, real=0.03 secs] 
2020-10-28T18:11:44.731+0800: 0.473: [Full GC (Ergonomics) [PSYoungGen: 29622K->17292K(58368K)] [ParOldGen: 174836K->174283K(175104K)] 204458K->191575K(233472K), [Metaspace: 2637K->2637K(1056768K)], 0.0243681 secs] [Times: user=0.19 sys=0.01, real=0.03 secs] 
2020-10-28T18:11:44.758+0800: 0.500: [Full GC (Ergonomics) [PSYoungGen: 29350K->18267K(58368K)] [ParOldGen: 174283K->175054K(175104K)] 203633K->193321K(233472K), [Metaspace: 2637K->2637K(1056768K)], 0.0250646 secs] [Times: user=0.13 sys=0.00, real=0.03 secs] 
2020-10-28T18:11:44.785+0800: 0.527: [Full GC (Ergonomics) [PSYoungGen: 29664K->20803K(58368K)] [ParOldGen: 175054K->174854K(175104K)] 204718K->195658K(233472K), [Metaspace: 2637K->2637K(1056768K)], 0.0264363 secs] [Times: user=0.13 sys=0.00, real=0.03 secs] 
2020-10-28T18:11:44.812+0800: 0.555: [Full GC (Ergonomics) [PSYoungGen: 29202K->23301K(58368K)] [ParOldGen: 174854K->174465K(175104K)] 204056K->197766K(233472K), [Metaspace: 2637K->2637K(1056768K)], 0.0244730 secs] [Times: user=0.23 sys=0.00, real=0.02 secs] 
2020-10-28T18:11:44.838+0800: 0.581: [Full GC (Ergonomics) [PSYoungGen: 29673K->24509K(58368K)] [ParOldGen: 174465K->174971K(175104K)] 204138K->199480K(233472K), [Metaspace: 2637K->2637K(1056768K)], 0.0219877 secs] [Times: user=0.09 sys=0.02, real=0.02 secs] 
2020-10-28T18:11:44.862+0800: 0.604: [Full GC (Ergonomics) [PSYoungGen: 29604K->25808K(58368K)] [ParOldGen: 174971K->174181K(175104K)] 204576K->199989K(233472K), [Metaspace: 2637K->2637K(1056768K)], 0.0210132 secs] [Times: user=0.13 sys=0.00, real=0.02 secs] 
2020-10-28T18:11:44.883+0800: 0.626: [Full GC (Ergonomics) [PSYoungGen: 29683K->24728K(58368K)] [ParOldGen: 174181K->174712K(175104K)] 203864K->199441K(233472K), [Metaspace: 2637K->2637K(1056768K)], 0.0282841 secs] [Times: user=0.14 sys=0.00, real=0.03 secs] 
2020-10-28T18:11:44.913+0800: 0.655: [Full GC (Ergonomics) [PSYoungGen: 29649K->25258K(58368K)] [ParOldGen: 174712K->174757K(175104K)] 204362K->200016K(233472K), [Metaspace: 2637K->2637K(1056768K)], 0.0227817 secs] [Times: user=0.11 sys=0.00, real=0.02 secs] 
2020-10-28T18:11:44.937+0800: 0.679: [Full GC (Ergonomics) [PSYoungGen: 29458K->25492K(58368K)] [ParOldGen: 174757K->175023K(175104K)] 204216K->200516K(233472K), [Metaspace: 2637K->2637K(1056768K)], 0.0250389 secs] [Times: user=0.25 sys=0.00, real=0.02 secs] 
2020-10-28T18:11:44.963+0800: 0.705: [Full GC (Ergonomics) [PSYoungGen: 29686K->27202K(58368K)] [ParOldGen: 175023K->174735K(175104K)] 204710K->201937K(233472K), [Metaspace: 2637K->2637K(1056768K)], 0.0204308 secs] [Times: user=0.13 sys=0.00, real=0.02 secs] 
2020-10-28T18:11:44.984+0800: 0.726: [Full GC (Ergonomics) [PSYoungGen: 29670K->27216K(58368K)] [ParOldGen: 174735K->175034K(175104K)] 204405K->202251K(233472K), [Metaspace: 2637K->2637K(1056768K)], 0.0250353 secs] [Times: user=0.23 sys=0.00, real=0.03 secs] 
2020-10-28T18:11:45.009+0800: 0.751: [Full GC (Ergonomics) [PSYoungGen: 29672K->27916K(58368K)] [ParOldGen: 175034K->174982K(175104K)] 204707K->202898K(233472K), [Metaspace: 2637K->2637K(1056768K)], 0.0209646 secs] [Times: user=0.13 sys=0.00, real=0.02 secs] 
2020-10-28T18:11:45.031+0800: 0.773: [Full GC (Ergonomics) [PSYoungGen: 29469K->28227K(58368K)] [ParOldGen: 174982K->174815K(175104K)] 204451K->203042K(233472K), [Metaspace: 2637K->2637K(1056768K)], 0.0263762 secs] [Times: user=0.14 sys=0.00, real=0.03 secs] 
2020-10-28T18:11:45.058+0800: 0.800: [Full GC (Ergonomics) [PSYoungGen: 29255K->28944K(58368K)] [ParOldGen: 174815K->174815K(175104K)] 204070K->203760K(233472K), [Metaspace: 2637K->2637K(1056768K)], 0.0028205 secs] [Times: user=0.00 sys=0.00, real=0.00 secs] 
2020-10-28T18:11:45.061+0800: 0.803: [Full GC (Ergonomics) [PSYoungGen: 29579K->28944K(58368K)] [ParOldGen: 174815K->174815K(175104K)] 204394K->203760K(233472K), [Metaspace: 2637K->2637K(1056768K)], 0.0027467 secs] [Times: user=0.00 sys=0.00, real=0.00 secs] 
2020-10-28T18:11:45.064+0800: 0.806: [Full GC (Ergonomics) [PSYoungGen: 29693K->28944K(58368K)] [ParOldGen: 174815K->174815K(175104K)] 204509K->203760K(233472K), [Metaspace: 2637K->2637K(1056768K)], 0.0024925 secs] [Times: user=0.02 sys=0.00, real=0.00 secs] 
2020-10-28T18:11:45.067+0800: 0.809: [Full GC (Ergonomics) [PSYoungGen: 29463K->29174K(58368K)] [ParOldGen: 174815K->174783K(175104K)] 204278K->203958K(233472K), [Metaspace: 2637K->2637K(1056768K)], 0.0024110 secs] [Times: user=0.00 sys=0.00, real=0.00 secs] 
2020-10-28T18:11:45.070+0800: 0.812: [Full GC (Ergonomics) [PSYoungGen: 29694K->29049K(58368K)] [ParOldGen: 174783K->174783K(175104K)] 204478K->203833K(233472K), [Metaspace: 2637K->2637K(1056768K)], 0.0022988 secs] [Times: user=0.00 sys=0.00, real=0.00 secs] 
2020-10-28T18:11:45.072+0800: 0.814: [Full GC (Ergonomics) [PSYoungGen: 29348K->29112K(58368K)] [ParOldGen: 174783K->174783K(175104K)] 204131K->203895K(233472K), [Metaspace: 2637K->2637K(1056768K)], 0.0031281 secs] [Times: user=0.00 sys=0.00, real=0.00 secs] 
2020-10-28T18:11:45.076+0800: 0.818: [Full GC (Ergonomics) [PSYoungGen: 29677K->29252K(58368K)] [ParOldGen: 174783K->174783K(175104K)] 204461K->204036K(233472K), [Metaspace: 2637K->2637K(1056768K)], 0.0024965 secs] [Times: user=0.00 sys=0.00, real=0.00 secs] 
2020-10-28T18:11:45.078+0800: 0.821: [Full GC (Ergonomics) [PSYoungGen: 29516K->29252K(58368K)] [ParOldGen: 174783K->174783K(175104K)] 204299K->204036K(233472K), [Metaspace: 2637K->2637K(1056768K)], 0.0022803 secs] [Times: user=0.00 sys=0.00, real=0.00 secs] 
2020-10-28T18:11:45.081+0800: 0.823: [Full GC (Ergonomics) [PSYoungGen: 29524K->29524K(58368K)] [ParOldGen: 174783K->174636K(175104K)] 204308K->204160K(233472K), [Metaspace: 2637K->2637K(1056768K)], 0.0194377 secs] [Times: user=0.13 sys=0.00, real=0.02 secs] 
2020-10-28T18:11:45.101+0800: 0.843: [Full GC (Ergonomics) [PSYoungGen: 29598K->29584K(58368K)] [ParOldGen: 174879K->174879K(175104K)] 204477K->204463K(233472K), [Metaspace: 2637K->2637K(1056768K)], 0.0072528 secs] [Times: user=0.00 sys=0.00, real=0.01 secs] 
2020-10-28T18:11:45.108+0800: 0.851: [Full GC (Allocation Failure) [PSYoungGen: 29584K->29584K(58368K)] [ParOldGen: 174879K->174860K(175104K)] 204463K->204444K(233472K), [Metaspace: 2637K->2637K(1056768K)], 0.0268341 secs] [Times: user=0.23 sys=0.00, real=0.03 secs] 
Heap
 PSYoungGen      total 58368K, used 29696K [0x00000000fab00000, 0x0000000100000000, 0x0000000100000000)
  eden space 29696K, 100% used [0x00000000fab00000,0x00000000fc800000,0x00000000fc800000)
  from space 28672K, 0% used [0x00000000fe400000,0x00000000fe400000,0x0000000100000000)
  to   space 28672K, 0% used [0x00000000fc800000,0x00000000fc800000,0x00000000fe400000)
 ParOldGen       total 175104K, used 174860K [0x00000000f0000000, 0x00000000fab00000, 0x00000000fab00000)
  object space 175104K, 99% used [0x00000000f0000000,0x00000000faac3088,0x00000000fab00000)
 Metaspace       used 2667K, capacity 4486K, committed 4864K, reserved 1056768K
  class space    used 294K, capacity 386K, committed 512K, reserved 1048576K
