Java HotSpot(TM) 64-Bit Server VM (25.261-b12) for windows-amd64 JRE (1.8.0_261-b12), built on Jun 18 2020 06:56:32 by "" with unknown MS VC++:1916
Memory: 4k page, physical 8239420k(909948k free), swap 17590580k(2025868k free)
CommandLine flags: -XX:InitialHeapSize=134217728 -XX:MaxHeapSize=134217728 -XX:+PrintGC -XX:+PrintGCDateStamps -XX:+PrintGCDetails -XX:+PrintGCTimeStamps -XX:+UseCompressedClassPointers -XX:+UseCompressedOops -XX:-UseLargePagesIndividualAllocation -XX:+UseSerialGC 
2020-10-28T18:10:49.583+0800: 0.125: [GC (Allocation Failure) 2020-10-28T18:10:49.583+0800: 0.125: [DefNew: 34944K->4351K(39296K), 0.0108075 secs] 34944K->15547K(126720K), 0.0109940 secs] [Times: user=0.00 sys=0.00, real=0.01 secs] 
2020-10-28T18:10:49.605+0800: 0.147: [GC (Allocation Failure) 2020-10-28T18:10:49.605+0800: 0.147: [DefNew: 39273K->4341K(39296K), 0.0107942 secs] 50469K->30830K(126720K), 0.0108688 secs] [Times: user=0.00 sys=0.02, real=0.01 secs] 
2020-10-28T18:10:49.622+0800: 0.163: [GC (Allocation Failure) 2020-10-28T18:10:49.622+0800: 0.163: [DefNew: 39268K->4343K(39296K), 0.0050767 secs] 65758K->38734K(126720K), 0.0051560 secs] [Times: user=0.00 sys=0.00, real=0.01 secs] 
2020-10-28T18:10:49.635+0800: 0.176: [GC (Allocation Failure) 2020-10-28T18:10:49.635+0800: 0.176: [DefNew: 39274K->4345K(39296K), 0.0071992 secs] 73665K->50744K(126720K), 0.0072870 secs] [Times: user=0.00 sys=0.00, real=0.01 secs] 
2020-10-28T18:10:49.646+0800: 0.188: [GC (Allocation Failure) 2020-10-28T18:10:49.646+0800: 0.188: [DefNew: 39002K->4351K(39296K), 0.0084464 secs] 85401K->62862K(126720K), 0.0085249 secs] [Times: user=0.00 sys=0.00, real=0.01 secs] 
2020-10-28T18:10:49.660+0800: 0.201: [GC (Allocation Failure) 2020-10-28T18:10:49.660+0800: 0.201: [DefNew: 39175K->4343K(39296K), 0.0054335 secs] 97685K->70493K(126720K), 0.0055143 secs] [Times: user=0.00 sys=0.02, real=0.00 secs] 
2020-10-28T18:10:49.669+0800: 0.211: [GC (Allocation Failure) 2020-10-28T18:10:49.669+0800: 0.211: [DefNew: 39184K->4346K(39296K), 0.0069083 secs] 105334K->81827K(126720K), 0.0069922 secs] [Times: user=0.02 sys=0.00, real=0.01 secs] 
2020-10-28T18:10:49.681+0800: 0.222: [GC (Allocation Failure) 2020-10-28T18:10:49.681+0800: 0.222: [DefNew: 39171K->39171K(39296K), 0.0000189 secs]2020-10-28T18:10:49.681+0800: 0.223: [Tenured: 77481K->87382K(87424K), 0.0144427 secs] 116653K->91725K(126720K), [Metaspace: 2636K->2636K(1056768K)], 0.0145740 secs] [Times: user=0.00 sys=0.02, real=0.01 secs] 
2020-10-28T18:10:49.700+0800: 0.242: [Full GC (Allocation Failure) 2020-10-28T18:10:49.700+0800: 0.242: [Tenured: 87382K->87415K(87424K), 0.0107685 secs] 126605K->100206K(126720K), [Metaspace: 2637K->2637K(1056768K)], 0.0108591 secs] [Times: user=0.02 sys=0.00, real=0.01 secs] 
2020-10-28T18:10:49.715+0800: 0.257: [Full GC (Allocation Failure) 2020-10-28T18:10:49.715+0800: 0.257: [Tenured: 87415K->86934K(87424K), 0.0098377 secs] 126599K->106507K(126720K), [Metaspace: 2637K->2637K(1056768K)], 0.0099327 secs] [Times: user=0.01 sys=0.00, real=0.01 secs] 
2020-10-28T18:10:49.728+0800: 0.270: [Full GC (Allocation Failure) 2020-10-28T18:10:49.728+0800: 0.270: [Tenured: 87214K->86915K(87424K), 0.0158862 secs] 126498K->108037K(126720K), [Metaspace: 2637K->2637K(1056768K)], 0.0159717 secs] [Times: user=0.02 sys=0.00, real=0.02 secs] 
2020-10-28T18:10:49.747+0800: 0.289: [Full GC (Allocation Failure) 2020-10-28T18:10:49.747+0800: 0.289: [Tenured: 87317K->87317K(87424K), 0.0043425 secs] 126610K->114277K(126720K), [Metaspace: 2637K->2637K(1056768K)], 0.0044341 secs] [Times: user=0.00 sys=0.00, real=0.00 secs] 
2020-10-28T18:10:49.753+0800: 0.295: [Full GC (Allocation Failure) 2020-10-28T18:10:49.753+0800: 0.295: [Tenured: 87317K->87317K(87424K), 0.0046848 secs] 126504K->117855K(126720K), [Metaspace: 2637K->2637K(1056768K)], 0.0047756 secs] [Times: user=0.01 sys=0.00, real=0.00 secs] 
2020-10-28T18:10:49.759+0800: 0.301: [Full GC (Allocation Failure) 2020-10-28T18:10:49.759+0800: 0.301: [Tenured: 87317K->87317K(87424K), 0.0020480 secs] 126471K->120754K(126720K), [Metaspace: 2637K->2637K(1056768K)], 0.0021349 secs] [Times: user=0.00 sys=0.00, real=0.00 secs] 
2020-10-28T18:10:49.762+0800: 0.303: [Full GC (Allocation Failure) 2020-10-28T18:10:49.762+0800: 0.303: [Tenured: 87317K->87341K(87424K), 0.0195101 secs] 126363K->119134K(126720K), [Metaspace: 2637K->2637K(1056768K)], 0.0195985 secs] [Times: user=0.02 sys=0.00, real=0.02 secs] 
2020-10-28T18:10:49.782+0800: 0.324: [Full GC (Allocation Failure) 2020-10-28T18:10:49.782+0800: 0.324: [Tenured: 87341K->87341K(87424K), 0.0040246 secs] 126576K->121311K(126720K), [Metaspace: 2637K->2637K(1056768K)], 0.0041103 secs] [Times: user=0.02 sys=0.00, real=0.00 secs] 
2020-10-28T18:10:49.788+0800: 0.329: [Full GC (Allocation Failure) 2020-10-28T18:10:49.788+0800: 0.329: [Tenured: 87341K->87341K(87424K), 0.0017361 secs] 126384K->122215K(126720K), [Metaspace: 2637K->2637K(1056768K)], 0.0018062 secs] [Times: user=0.00 sys=0.00, real=0.00 secs] 
2020-10-28T18:10:49.790+0800: 0.332: [Full GC (Allocation Failure) 2020-10-28T18:10:49.790+0800: 0.332: [Tenured: 87341K->87341K(87424K), 0.0023051 secs] 126406K->123583K(126720K), [Metaspace: 2637K->2637K(1056768K)], 0.0023732 secs] [Times: user=0.00 sys=0.00, real=0.00 secs] 
2020-10-28T18:10:49.793+0800: 0.334: [Full GC (Allocation Failure) 2020-10-28T18:10:49.793+0800: 0.335: [Tenured: 87377K->87413K(87424K), 0.0173496 secs] 126657K->121720K(126720K), [Metaspace: 2637K->2637K(1056768K)], 0.0174269 secs] [Times: user=0.02 sys=0.00, real=0.02 secs] 
2020-10-28T18:10:49.811+0800: 0.353: [Full GC (Allocation Failure) 2020-10-28T18:10:49.811+0800: 0.353: [Tenured: 87413K->87413K(87424K), 0.0020448 secs] 126616K->123733K(126720K), [Metaspace: 2637K->2637K(1056768K)], 0.0021211 secs] [Times: user=0.00 sys=0.00, real=0.00 secs] 
2020-10-28T18:10:49.814+0800: 0.356: [Full GC (Allocation Failure) 2020-10-28T18:10:49.814+0800: 0.356: [Tenured: 87413K->87413K(87424K), 0.0053428 secs] 126396K->124512K(126720K), [Metaspace: 2637K->2637K(1056768K)], 0.0054294 secs] [Times: user=0.02 sys=0.00, real=0.01 secs] 
2020-10-28T18:10:49.820+0800: 0.362: [Full GC (Allocation Failure) 2020-10-28T18:10:49.820+0800: 0.362: [Tenured: 87413K->87413K(87424K), 0.0016808 secs] 126659K->125094K(126720K), [Metaspace: 2637K->2637K(1056768K)], 0.0017401 secs] [Times: user=0.00 sys=0.00, real=0.00 secs] 
2020-10-28T18:10:49.822+0800: 0.364: [Full GC (Allocation Failure) 2020-10-28T18:10:49.822+0800: 0.364: [Tenured: 87413K->87340K(87424K), 0.0142300 secs] 126653K->123547K(126720K), [Metaspace: 2637K->2637K(1056768K)], 0.0143199 secs] [Times: user=0.02 sys=0.00, real=0.01 secs] 
2020-10-28T18:10:49.837+0800: 0.379: [Full GC (Allocation Failure) 2020-10-28T18:10:49.837+0800: 0.379: [Tenured: 87340K->87340K(87424K), 0.0019176 secs] 126237K->125261K(126720K), [Metaspace: 2637K->2637K(1056768K)], 0.0019975 secs] [Times: user=0.00 sys=0.00, real=0.00 secs] 
2020-10-28T18:10:49.839+0800: 0.381: [Full GC (Allocation Failure) 2020-10-28T18:10:49.839+0800: 0.381: [Tenured: 87340K->87340K(87424K), 0.0016174 secs] 126381K->126215K(126720K), [Metaspace: 2637K->2637K(1056768K)], 0.0016785 secs] [Times: user=0.00 sys=0.00, real=0.00 secs] 
2020-10-28T18:10:49.841+0800: 0.383: [Full GC (Allocation Failure) 2020-10-28T18:10:49.841+0800: 0.383: [Tenured: 87340K->87340K(87424K), 0.0014078 secs] 126548K->126359K(126720K), [Metaspace: 2637K->2637K(1056768K)], 0.0014578 secs] [Times: user=0.00 sys=0.00, real=0.00 secs] 
2020-10-28T18:10:49.843+0800: 0.385: [Full GC (Allocation Failure) 2020-10-28T18:10:49.843+0800: 0.385: [Tenured: 87340K->87368K(87424K), 0.0074357 secs] 126504K->125624K(126720K), [Metaspace: 2637K->2637K(1056768K)], 0.0075329 secs] [Times: user=0.01 sys=0.00, real=0.01 secs] 
2020-10-28T18:10:49.851+0800: 0.393: [Full GC (Allocation Failure) 2020-10-28T18:10:49.851+0800: 0.393: [Tenured: 87368K->87368K(87424K), 0.0017391 secs] 126333K->125789K(126720K), [Metaspace: 2637K->2637K(1056768K)], 0.0018028 secs] [Times: user=0.00 sys=0.00, real=0.00 secs] 
2020-10-28T18:10:49.853+0800: 0.395: [Full GC (Allocation Failure) 2020-10-28T18:10:49.853+0800: 0.395: [Tenured: 87368K->87368K(87424K), 0.0015779 secs] 126535K->126354K(126720K), [Metaspace: 2637K->2637K(1056768K)], 0.0016403 secs] [Times: user=0.00 sys=0.00, real=0.00 secs] 
2020-10-28T18:10:49.855+0800: 0.397: [Full GC (Allocation Failure) 2020-10-28T18:10:49.855+0800: 0.397: [Tenured: 87368K->87368K(87424K), 0.0012852 secs] 126663K->126498K(126720K), [Metaspace: 2637K->2637K(1056768K)], 0.0013335 secs] [Times: user=0.00 sys=0.00, real=0.00 secs] 
2020-10-28T18:10:49.856+0800: 0.398: [Full GC (Allocation Failure) 2020-10-28T18:10:49.856+0800: 0.398: [Tenured: 87368K->87298K(87424K), 0.0082747 secs] 126498K->126428K(126720K), [Metaspace: 2637K->2637K(1056768K)], 0.0083330 secs] [Times: user=0.02 sys=0.00, real=0.01 secs] 
Heap
 def new generation   total 39296K, used 39151K [0x00000000f8000000, 0x00000000faaa0000, 0x00000000faaa0000)
  eden space 34944K, 100% used [0x00000000f8000000, 0x00000000fa220000, 0x00000000fa220000)
  from space 4352K,  96% used [0x00000000fa660000, 0x00000000faa7bcc8, 0x00000000faaa0000)
  to   space 4352K,   0% used [0x00000000fa220000, 0x00000000fa220000, 0x00000000fa660000)
 tenured generation   total 87424K, used 87298K [0x00000000faaa0000, 0x0000000100000000, 0x0000000100000000)
   the space 87424K,  99% used [0x00000000faaa0000, 0x00000000fffe0930, 0x00000000fffe0a00, 0x0000000100000000)
 Metaspace       used 2667K, capacity 4486K, committed 4864K, reserved 1056768K
  class space    used 294K, capacity 386K, committed 512K, reserved 1048576K
