Java HotSpot(TM) 64-Bit Server VM (25.261-b12) for windows-amd64 JRE (1.8.0_261-b12), built on Jun 18 2020 06:56:32 by "" with unknown MS VC++:1916
Memory: 4k page, physical 8239420k(1386280k free), swap 17590580k(2613588k free)
CommandLine flags: -XX:InitialHeapSize=268435456 -XX:MaxHeapSize=268435456 -XX:+PrintGC -XX:+PrintGCDateStamps -XX:+PrintGCDetails -XX:+PrintGCTimeStamps -XX:+UseCompressedClassPointers -XX:+UseCompressedOops -XX:-UseLargePagesIndividualAllocation -XX:+UseSerialGC 
2020-10-28T17:44:56.366+0800: 0.151: [GC (Allocation Failure) 2020-10-28T17:44:56.366+0800: 0.151: [DefNew: 69952K->8703K(78656K), 0.0142387 secs] 69952K->24919K(253440K), 0.0144110 secs] [Times: user=0.00 sys=0.02, real=0.01 secs] 
2020-10-28T17:44:56.392+0800: 0.178: [GC (Allocation Failure) 2020-10-28T17:44:56.393+0800: 0.178: [DefNew: 78643K->8702K(78656K), 0.0198045 secs] 94859K->53089K(253440K), 0.0198951 secs] [Times: user=0.02 sys=0.02, real=0.02 secs] 
2020-10-28T17:44:56.421+0800: 0.207: [GC (Allocation Failure) 2020-10-28T17:44:56.421+0800: 0.207: [DefNew: 78485K->8703K(78656K), 0.0138449 secs] 122872K->76169K(253440K), 0.0139177 secs] [Times: user=0.02 sys=0.00, real=0.01 secs] 
2020-10-28T17:44:56.443+0800: 0.229: [GC (Allocation Failure) 2020-10-28T17:44:56.443+0800: 0.229: [DefNew: 78045K->8701K(78656K), 0.0130097 secs] 145511K->97095K(253440K), 0.0130910 secs] [Times: user=0.00 sys=0.00, real=0.01 secs] 
2020-10-28T17:44:56.465+0800: 0.251: [GC (Allocation Failure) 2020-10-28T17:44:56.465+0800: 0.251: [DefNew: 78599K->8702K(78656K), 0.0155554 secs] 166993K->121098K(253440K), 0.0156441 secs] [Times: user=0.02 sys=0.00, real=0.02 secs] 
2020-10-28T17:44:56.493+0800: 0.278: [GC (Allocation Failure) 2020-10-28T17:44:56.493+0800: 0.278: [DefNew: 78654K->8697K(78656K), 0.0138372 secs] 191050K->142266K(253440K), 0.0139254 secs] [Times: user=0.00 sys=0.02, real=0.01 secs] 
2020-10-28T17:44:56.516+0800: 0.302: [GC (Allocation Failure) 2020-10-28T17:44:56.516+0800: 0.302: [DefNew: 78649K->8699K(78656K), 0.0148931 secs] 212218K->165186K(253440K), 0.0149770 secs] [Times: user=0.00 sys=0.02, real=0.01 secs] 
2020-10-28T17:44:56.541+0800: 0.326: [GC (Allocation Failure) 2020-10-28T17:44:56.541+0800: 0.326: [DefNew: 78457K->78457K(78656K), 0.0000211 secs]2020-10-28T17:44:56.541+0800: 0.326: [Tenured: 156486K->166549K(174784K), 0.0254147 secs] 234943K->166549K(253440K), [Metaspace: 2636K->2636K(1056768K)], 0.0255371 secs] [Times: user=0.01 sys=0.00, real=0.03 secs] 
2020-10-28T17:44:56.576+0800: 0.361: [GC (Allocation Failure) 2020-10-28T17:44:56.576+0800: 0.361: [DefNew: 69890K->69890K(78656K), 0.0000193 secs]2020-10-28T17:44:56.576+0800: 0.361: [Tenured: 166549K->174277K(174784K), 0.0266435 secs] 236440K->182295K(253440K), [Metaspace: 2637K->2637K(1056768K)], 0.0267834 secs] [Times: user=0.02 sys=0.02, real=0.03 secs] 
2020-10-28T17:44:56.612+0800: 0.397: [Full GC (Allocation Failure) 2020-10-28T17:44:56.612+0800: 0.397: [Tenured: 174775K->174773K(174784K), 0.0250862 secs] 253430K->196010K(253440K), [Metaspace: 2637K->2637K(1056768K)], 0.0251751 secs] [Times: user=0.03 sys=0.00, real=0.03 secs] 
2020-10-28T17:44:56.645+0800: 0.430: [Full GC (Allocation Failure) 2020-10-28T17:44:56.645+0800: 0.430: [Tenured: 174773K->174744K(174784K), 0.0286015 secs] 252854K->195216K(253440K), [Metaspace: 2637K->2637K(1056768K)], 0.0287166 secs] [Times: user=0.02 sys=0.00, real=0.03 secs] 
2020-10-28T17:44:56.682+0800: 0.468: [Full GC (Allocation Failure) 2020-10-28T17:44:56.682+0800: 0.468: [Tenured: 174744K->174783K(174784K), 0.0123602 secs] 253243K->208844K(253440K), [Metaspace: 2637K->2637K(1056768K)], 0.0124577 secs] [Times: user=0.02 sys=0.00, real=0.01 secs] 
2020-10-28T17:44:56.700+0800: 0.486: [Full GC (Allocation Failure) 2020-10-28T17:44:56.700+0800: 0.486: [Tenured: 174783K->174681K(174784K), 0.0186197 secs] 253302K->215770K(253440K), [Metaspace: 2637K->2637K(1056768K)], 0.0187140 secs] [Times: user=0.01 sys=0.00, real=0.02 secs] 
2020-10-28T17:44:56.724+0800: 0.510: [Full GC (Allocation Failure) 2020-10-28T17:44:56.724+0800: 0.510: [Tenured: 174681K->174695K(174784K), 0.0215451 secs] 252958K->219730K(253440K), [Metaspace: 2637K->2637K(1056768K)], 0.0216635 secs] [Times: user=0.02 sys=0.00, real=0.02 secs] 
2020-10-28T17:44:56.750+0800: 0.535: [Full GC (Allocation Failure) 2020-10-28T17:44:56.750+0800: 0.535: [Tenured: 174695K->174671K(174784K), 0.0317133 secs] 253154K->218127K(253440K), [Metaspace: 2637K->2637K(1056768K)], 0.0318453 secs] [Times: user=0.03 sys=0.00, real=0.03 secs] 
2020-10-28T17:44:56.787+0800: 0.572: [Full GC (Allocation Failure) 2020-10-28T17:44:56.787+0800: 0.572: [Tenured: 174671K->174537K(174784K), 0.0119555 secs] 253324K->229426K(253440K), [Metaspace: 2637K->2637K(1056768K)], 0.0120504 secs] [Times: user=0.00 sys=0.00, real=0.01 secs] 
2020-10-28T17:44:56.802+0800: 0.587: [Full GC (Allocation Failure) 2020-10-28T17:44:56.802+0800: 0.587: [Tenured: 174537K->174782K(174784K), 0.0193929 secs] 253009K->232047K(253440K), [Metaspace: 2637K->2637K(1056768K)], 0.0195032 secs] [Times: user=0.02 sys=0.00, real=0.02 secs] 
2020-10-28T17:44:56.824+0800: 0.609: [Full GC (Allocation Failure) 2020-10-28T17:44:56.824+0800: 0.609: [Tenured: 174782K->174611K(174784K), 0.0192899 secs] 253408K->237680K(253440K), [Metaspace: 2637K->2637K(1056768K)], 0.0193951 secs] [Times: user=0.01 sys=0.00, real=0.02 secs] 
2020-10-28T17:44:56.846+0800: 0.631: [Full GC (Allocation Failure) 2020-10-28T17:44:56.846+0800: 0.631: [Tenured: 174611K->174397K(174784K), 0.0335292 secs] 253193K->230359K(253440K), [Metaspace: 2637K->2637K(1056768K)], 0.0336333 secs] [Times: user=0.05 sys=0.00, real=0.03 secs] 
2020-10-28T17:44:56.883+0800: 0.668: [Full GC (Allocation Failure) 2020-10-28T17:44:56.883+0800: 0.668: [Tenured: 174735K->174735K(174784K), 0.0107584 secs] 253391K->238695K(253440K), [Metaspace: 2637K->2637K(1056768K)], 0.0108609 secs] [Times: user=0.00 sys=0.00, real=0.01 secs] 
2020-10-28T17:44:56.896+0800: 0.682: [Full GC (Allocation Failure) 2020-10-28T17:44:56.896+0800: 0.682: [Tenured: 174774K->174774K(174784K), 0.0048053 secs] 253400K->242306K(253440K), [Metaspace: 2637K->2637K(1056768K)], 0.0049055 secs] [Times: user=0.00 sys=0.00, real=0.01 secs] 
2020-10-28T17:44:56.903+0800: 0.688: [Full GC (Allocation Failure) 2020-10-28T17:44:56.903+0800: 0.688: [Tenured: 174774K->174774K(174784K), 0.0075411 secs] 253299K->245524K(253440K), [Metaspace: 2637K->2637K(1056768K)], 0.0076441 secs] [Times: user=0.02 sys=0.00, real=0.01 secs] 
2020-10-28T17:44:56.912+0800: 0.697: [Full GC (Allocation Failure) 2020-10-28T17:44:56.912+0800: 0.697: [Tenured: 174774K->174317K(174784K), 0.0347093 secs] 253265K->237565K(253440K), [Metaspace: 2637K->2637K(1056768K)], 0.0348409 secs] [Times: user=0.03 sys=0.00, real=0.03 secs] 
2020-10-28T17:44:56.949+0800: 0.734: [Full GC (Allocation Failure) 2020-10-28T17:44:56.949+0800: 0.734: [Tenured: 174317K->174317K(174784K), 0.0093558 secs] 252574K->241905K(253440K), [Metaspace: 2637K->2637K(1056768K)], 0.0094506 secs] [Times: user=0.01 sys=0.00, real=0.01 secs] 
2020-10-28T17:44:56.960+0800: 0.745: [Full GC (Allocation Failure) 2020-10-28T17:44:56.960+0800: 0.745: [Tenured: 174596K->174596K(174784K), 0.0092262 secs] 253244K->244718K(253440K), [Metaspace: 2637K->2637K(1056768K)], 0.0093217 secs] [Times: user=0.00 sys=0.00, real=0.01 secs] 
2020-10-28T17:44:56.971+0800: 0.756: [Full GC (Allocation Failure) 2020-10-28T17:44:56.971+0800: 0.756: [Tenured: 174668K->174668K(174784K), 0.0072044 secs] 253308K->246946K(253440K), [Metaspace: 2637K->2637K(1056768K)], 0.0073058 secs] [Times: user=0.02 sys=0.00, real=0.01 secs] 
2020-10-28T17:44:56.979+0800: 0.764: [Full GC (Allocation Failure) 2020-10-28T17:44:56.979+0800: 0.764: [Tenured: 174668K->174287K(174784K), 0.0342605 secs] 253237K->240796K(253440K), [Metaspace: 2637K->2637K(1056768K)], 0.0343536 secs] [Times: user=0.03 sys=0.00, real=0.03 secs] 
2020-10-28T17:44:57.016+0800: 0.801: [Full GC (Allocation Failure) 2020-10-28T17:44:57.016+0800: 0.801: [Tenured: 174760K->174760K(174784K), 0.0075753 secs] 253365K->244851K(253440K), [Metaspace: 2637K->2637K(1056768K)], 0.0076708 secs] [Times: user=0.02 sys=0.00, real=0.01 secs] 
2020-10-28T17:44:57.025+0800: 0.810: [Full GC (Allocation Failure) 2020-10-28T17:44:57.025+0800: 0.810: [Tenured: 174760K->174760K(174784K), 0.0075716 secs] 253229K->248359K(253440K), [Metaspace: 2637K->2637K(1056768K)], 0.0076663 secs] [Times: user=0.00 sys=0.00, real=0.01 secs] 
2020-10-28T17:44:57.033+0800: 0.818: [Full GC (Allocation Failure) 2020-10-28T17:44:57.033+0800: 0.818: [Tenured: 174760K->174760K(174784K), 0.0091832 secs] 253173K->249679K(253440K), [Metaspace: 2637K->2637K(1056768K)], 0.0092678 secs] [Times: user=0.02 sys=0.00, real=0.01 secs] 
2020-10-28T17:44:57.043+0800: 0.828: [Full GC (Allocation Failure) 2020-10-28T17:44:57.043+0800: 0.828: [Tenured: 174760K->174755K(174784K), 0.0352041 secs] 253363K->245923K(253440K), [Metaspace: 2637K->2637K(1056768K)], 0.0352859 secs] [Times: user=0.03 sys=0.00, real=0.04 secs] 
2020-10-28T17:44:57.080+0800: 0.865: [Full GC (Allocation Failure) 2020-10-28T17:44:57.080+0800: 0.865: [Tenured: 174755K->174755K(174784K), 0.0085254 secs] 253351K->248521K(253440K), [Metaspace: 2637K->2637K(1056768K)], 0.0086237 secs] [Times: user=0.01 sys=0.00, real=0.01 secs] 
2020-10-28T17:44:57.089+0800: 0.874: [Full GC (Allocation Failure) 2020-10-28T17:44:57.089+0800: 0.874: [Tenured: 174755K->174755K(174784K), 0.0042143 secs] 253391K->249970K(253440K), [Metaspace: 2637K->2637K(1056768K)], 0.0043156 secs] [Times: user=0.00 sys=0.00, real=0.01 secs] 
2020-10-28T17:44:57.094+0800: 0.879: [Full GC (Allocation Failure) 2020-10-28T17:44:57.094+0800: 0.879: [Tenured: 174755K->174755K(174784K), 0.0069808 secs] 253379K->249974K(253440K), [Metaspace: 2637K->2637K(1056768K)], 0.0070570 secs] [Times: user=0.02 sys=0.00, real=0.01 secs] 
2020-10-28T17:44:57.102+0800: 0.887: [Full GC (Allocation Failure) 2020-10-28T17:44:57.102+0800: 0.887: [Tenured: 174755K->174755K(174784K), 0.0343310 secs] 253358K->245985K(253440K), [Metaspace: 2637K->2637K(1056768K)], 0.0344103 secs] [Times: user=0.03 sys=0.00, real=0.04 secs] 
2020-10-28T17:44:57.138+0800: 0.923: [Full GC (Allocation Failure) 2020-10-28T17:44:57.138+0800: 0.923: [Tenured: 174755K->174755K(174784K), 0.0094411 secs] 253302K->247897K(253440K), [Metaspace: 2637K->2637K(1056768K)], 0.0095299 secs] [Times: user=0.02 sys=0.00, real=0.01 secs] 
2020-10-28T17:44:57.148+0800: 0.933: [Full GC (Allocation Failure) 2020-10-28T17:44:57.148+0800: 0.933: [Tenured: 174755K->174755K(174784K), 0.0027642 secs] 253405K->250070K(253440K), [Metaspace: 2637K->2637K(1056768K)], 0.0028414 secs] [Times: user=0.00 sys=0.00, real=0.00 secs] 
2020-10-28T17:44:57.152+0800: 0.937: [Full GC (Allocation Failure) 2020-10-28T17:44:57.152+0800: 0.937: [Tenured: 174755K->174755K(174784K), 0.0017789 secs] 253378K->251019K(253440K), [Metaspace: 2637K->2637K(1056768K)], 0.0018414 secs] [Times: user=0.00 sys=0.00, real=0.00 secs] 
2020-10-28T17:44:57.154+0800: 0.939: [Full GC (Allocation Failure) 2020-10-28T17:44:57.154+0800: 0.939: [Tenured: 174755K->174577K(174784K), 0.0330929 secs] 253272K->246733K(253440K), [Metaspace: 2637K->2637K(1056768K)], 0.0331668 secs] [Times: user=0.03 sys=0.00, real=0.03 secs] 
2020-10-28T17:44:57.188+0800: 0.973: [Full GC (Allocation Failure) 2020-10-28T17:44:57.188+0800: 0.973: [Tenured: 174577K->174577K(174784K), 0.0050197 secs] 252835K->249883K(253440K), [Metaspace: 2637K->2637K(1056768K)], 0.0051026 secs] [Times: user=0.02 sys=0.00, real=0.01 secs] 
2020-10-28T17:44:57.194+0800: 0.979: [Full GC (Allocation Failure) 2020-10-28T17:44:57.194+0800: 0.979: [Tenured: 174577K->174577K(174784K), 0.0019716 secs] 253180K->251495K(253440K), [Metaspace: 2637K->2637K(1056768K)], 0.0020622 secs] [Times: user=0.00 sys=0.00, real=0.00 secs] 
2020-10-28T17:44:57.196+0800: 0.981: [Full GC (Allocation Failure) 2020-10-28T17:44:57.196+0800: 0.981: [Tenured: 174577K->174577K(174784K), 0.0017940 secs] 252720K->252637K(253440K), [Metaspace: 2637K->2637K(1056768K)], 0.0018566 secs] [Times: user=0.00 sys=0.00, real=0.00 secs] 
2020-10-28T17:44:57.198+0800: 0.983: [Full GC (Allocation Failure) 2020-10-28T17:44:57.198+0800: 0.983: [Tenured: 174577K->174213K(174784K), 0.0333826 secs] 252637K->250633K(253440K), [Metaspace: 2637K->2637K(1056768K)], 0.0334494 secs] [Times: user=0.03 sys=0.00, real=0.03 secs] 
2020-10-28T17:44:57.232+0800: 1.017: [Full GC (Allocation Failure) 2020-10-28T17:44:57.232+0800: 1.017: [Tenured: 174570K->174570K(174784K), 0.0020410 secs] 253213K->251780K(253440K), [Metaspace: 2637K->2637K(1056768K)], 0.0021145 secs] [Times: user=0.00 sys=0.00, real=0.00 secs] 
2020-10-28T17:44:57.235+0800: 1.020: [Full GC (Allocation Failure) 2020-10-28T17:44:57.235+0800: 1.020: [Tenured: 174759K->174759K(174784K), 0.0052474 secs] 253408K->251947K(253440K), [Metaspace: 2637K->2637K(1056768K)], 0.0053170 secs] [Times: user=0.02 sys=0.00, real=0.01 secs] 
2020-10-28T17:44:57.240+0800: 1.025: [Full GC (Allocation Failure) 2020-10-28T17:44:57.240+0800: 1.025: [Tenured: 174759K->174759K(174784K), 0.0023021 secs] 253345K->252378K(253440K), [Metaspace: 2637K->2637K(1056768K)], 0.0023670 secs] [Times: user=0.00 sys=0.00, real=0.00 secs] 
2020-10-28T17:44:57.243+0800: 1.028: [Full GC (Allocation Failure) 2020-10-28T17:44:57.243+0800: 1.028: [Tenured: 174759K->174172K(174784K), 0.0283712 secs] 253261K->251198K(253440K), [Metaspace: 2637K->2637K(1056768K)], 0.0284520 secs] [Times: user=0.03 sys=0.00, real=0.03 secs] 
2020-10-28T17:44:57.272+0800: 1.057: [Full GC (Allocation Failure) 2020-10-28T17:44:57.272+0800: 1.057: [Tenured: 174702K->174702K(174784K), 0.0027158 secs] 253348K->252414K(253440K), [Metaspace: 2637K->2637K(1056768K)], 0.0028042 secs] [Times: user=0.00 sys=0.00, real=0.00 secs] 
2020-10-28T17:44:57.275+0800: 1.060: [Full GC (Allocation Failure) 2020-10-28T17:44:57.275+0800: 1.060: [Tenured: 174702K->174702K(174784K), 0.0015519 secs] 252912K->252414K(253440K), [Metaspace: 2637K->2637K(1056768K)], 0.0016037 secs] [Times: user=0.00 sys=0.00, real=0.00 secs] 
2020-10-28T17:44:57.277+0800: 1.062: [Full GC (Allocation Failure) 2020-10-28T17:44:57.277+0800: 1.062: [Tenured: 174774K->174774K(174784K), 0.0014956 secs] 253356K->252486K(253440K), [Metaspace: 2637K->2637K(1056768K)], 0.0015449 secs] [Times: user=0.00 sys=0.00, real=0.00 secs] 
2020-10-28T17:44:57.279+0800: 1.064: [Full GC (Allocation Failure) 2020-10-28T17:44:57.279+0800: 1.064: [Tenured: 174774K->174146K(174784K), 0.0220220 secs] 253112K->251858K(253440K), [Metaspace: 2637K->2637K(1056768K)], 0.0220856 secs] [Times: user=0.02 sys=0.00, real=0.02 secs] 
2020-10-28T17:44:57.301+0800: 1.087: [Full GC (Allocation Failure) 2020-10-28T17:44:57.302+0800: 1.087: [Tenured: 174625K->174625K(174784K), 0.0020506 secs] 253139K->252428K(253440K), [Metaspace: 2637K->2637K(1056768K)], 0.0021331 secs] [Times: user=0.00 sys=0.01, real=0.00 secs] 
2020-10-28T17:44:57.304+0800: 1.089: [Full GC (Allocation Failure) 2020-10-28T17:44:57.304+0800: 1.089: [Tenured: 174769K->174769K(174784K), 0.0019252 secs] 253349K->252918K(253440K), [Metaspace: 2637K->2637K(1056768K)], 0.0019889 secs] [Times: user=0.00 sys=0.00, real=0.00 secs] 
2020-10-28T17:44:57.306+0800: 1.091: [Full GC (Allocation Failure) 2020-10-28T17:44:57.306+0800: 1.091: [Tenured: 174769K->174769K(174784K), 0.0019369 secs] 253397K->253088K(253440K), [Metaspace: 2637K->2637K(1056768K)], 0.0019998 secs] [Times: user=0.00 sys=0.00, real=0.00 secs] 
2020-10-28T17:44:57.309+0800: 1.094: [Full GC (Allocation Failure) 2020-10-28T17:44:57.309+0800: 1.094: [Tenured: 174769K->174325K(174784K), 0.0231462 secs] 253357K->252062K(253440K), [Metaspace: 2637K->2637K(1056768K)], 0.0232213 secs] [Times: user=0.01 sys=0.00, real=0.02 secs] 
Heap
 def new generation   total 78656K, used 77963K [0x00000000f0000000, 0x00000000f5550000, 0x00000000f5550000)
  eden space 69952K, 100% used [0x00000000f0000000, 0x00000000f4450000, 0x00000000f4450000)
  from space 8704K,  92% used [0x00000000f4cd0000, 0x00000000f54a2db0, 0x00000000f5550000)
  to   space 8704K,   0% used [0x00000000f4450000, 0x00000000f4450000, 0x00000000f4cd0000)
 tenured generation   total 174784K, used 174325K [0x00000000f5550000, 0x0000000100000000, 0x0000000100000000)
   the space 174784K,  99% used [0x00000000f5550000, 0x00000000fff8d490, 0x00000000fff8d600, 0x0000000100000000)
 Metaspace       used 2643K, capacity 4486K, committed 4864K, reserved 1056768K
  class space    used 291K, capacity 386K, committed 512K, reserved 1048576K
