Java HotSpot(TM) 64-Bit Server VM (25.261-b12) for windows-amd64 JRE (1.8.0_261-b12), built on Jun 18 2020 06:56:32 by "" with unknown MS VC++:1916
Memory: 4k page, physical 8239420k(1362300k free), swap 17590580k(2763544k free)
CommandLine flags: -XX:InitialHeapSize=536870912 -XX:MaxHeapSize=536870912 -XX:+PrintGC -XX:+PrintGCDateStamps -XX:+PrintGCDetails -XX:+PrintGCTimeStamps -XX:+UseCompressedClassPointers -XX:+UseCompressedOops -XX:-UseLargePagesIndividualAllocation -XX:+UseSerialGC 
2020-10-28T17:40:15.683+0800: 0.187: [GC (Allocation Failure) 2020-10-28T17:40:15.683+0800: 0.187: [DefNew: 139776K->17472K(157248K), 0.0242526 secs] 139776K->44188K(506816K), 0.0244233 secs] [Times: user=0.00 sys=0.01, real=0.02 secs] 
2020-10-28T17:40:15.727+0800: 0.231: [GC (Allocation Failure) 2020-10-28T17:40:15.727+0800: 0.231: [DefNew: 157248K->17471K(157248K), 0.0339323 secs] 183964K->91038K(506816K), 0.0340178 secs] [Times: user=0.00 sys=0.03, real=0.03 secs] 
2020-10-28T17:40:15.778+0800: 0.282: [GC (Allocation Failure) 2020-10-28T17:40:15.778+0800: 0.282: [DefNew: 157018K->17471K(157248K), 0.0230991 secs] 230586K->130392K(506816K), 0.0231797 secs] [Times: user=0.03 sys=0.00, real=0.02 secs] 
2020-10-28T17:40:15.820+0800: 0.324: [GC (Allocation Failure) 2020-10-28T17:40:15.820+0800: 0.324: [DefNew: 157247K->17471K(157248K), 0.0259307 secs] 270168K->175355K(506816K), 0.0260107 secs] [Times: user=0.02 sys=0.00, real=0.03 secs] 
2020-10-28T17:40:15.864+0800: 0.368: [GC (Allocation Failure) 2020-10-28T17:40:15.864+0800: 0.368: [DefNew: 157247K->17470K(157248K), 0.0231554 secs] 315131K->215111K(506816K), 0.0232342 secs] [Times: user=0.01 sys=0.00, real=0.02 secs] 
2020-10-28T17:40:15.905+0800: 0.409: [GC (Allocation Failure) 2020-10-28T17:40:15.905+0800: 0.409: [DefNew: 157246K->17471K(157248K), 0.0274644 secs] 354887K->262792K(506816K), 0.0275423 secs] [Times: user=0.00 sys=0.03, real=0.03 secs] 
2020-10-28T17:40:15.950+0800: 0.454: [GC (Allocation Failure) 2020-10-28T17:40:15.950+0800: 0.454: [DefNew: 157247K->17471K(157248K), 0.0240884 secs] 402568K->303313K(506816K), 0.0241668 secs] [Times: user=0.02 sys=0.02, real=0.02 secs] 
2020-10-28T17:40:15.990+0800: 0.493: [GC (Allocation Failure) 2020-10-28T17:40:15.990+0800: 0.494: [DefNew: 157247K->17472K(157248K), 0.0289961 secs] 443089K->350509K(506816K), 0.0290826 secs] [Times: user=0.00 sys=0.02, real=0.03 secs] 
2020-10-28T17:40:16.033+0800: 0.537: [GC (Allocation Failure) 2020-10-28T17:40:16.034+0800: 0.538: [DefNew: 156990K->156990K(157248K), 0.0000190 secs]2020-10-28T17:40:16.034+0800: 0.538: [Tenured: 333037K->272857K(349568K), 0.0365782 secs] 490027K->272857K(506816K), [Metaspace: 2636K->2636K(1056768K)], 0.0367092 secs] [Times: user=0.05 sys=0.00, real=0.04 secs] 
2020-10-28T17:40:16.089+0800: 0.593: [GC (Allocation Failure) 2020-10-28T17:40:16.089+0800: 0.593: [DefNew: 139776K->17471K(157248K), 0.0071680 secs] 412633K->319311K(506816K), 0.0072511 secs] [Times: user=0.00 sys=0.00, real=0.01 secs] 
2020-10-28T17:40:16.112+0800: 0.616: [GC (Allocation Failure) 2020-10-28T17:40:16.112+0800: 0.616: [DefNew: 157247K->157247K(157248K), 0.0000195 secs]2020-10-28T17:40:16.112+0800: 0.616: [Tenured: 301840K->297956K(349568K), 0.0397294 secs] 459087K->297956K(506816K), [Metaspace: 2637K->2637K(1056768K)], 0.0398578 secs] [Times: user=0.05 sys=0.00, real=0.04 secs] 
2020-10-28T17:40:16.169+0800: 0.673: [GC (Allocation Failure) 2020-10-28T17:40:16.169+0800: 0.673: [DefNew: 139471K->17472K(157248K), 0.0068659 secs] 437428K->345721K(506816K), 0.0069485 secs] [Times: user=0.02 sys=0.00, real=0.01 secs] 
2020-10-28T17:40:16.191+0800: 0.695: [GC (Allocation Failure) 2020-10-28T17:40:16.192+0800: 0.696: [DefNew: 157037K->157037K(157248K), 0.0000195 secs]2020-10-28T17:40:16.192+0800: 0.696: [Tenured: 328249K->322089K(349568K), 0.0438334 secs] 485287K->322089K(506816K), [Metaspace: 2637K->2637K(1056768K)], 0.0439613 secs] [Times: user=0.03 sys=0.02, real=0.04 secs] 
2020-10-28T17:40:16.258+0800: 0.762: [GC (Allocation Failure) 2020-10-28T17:40:16.258+0800: 0.762: [DefNew: 139585K->139585K(157248K), 0.0000201 secs]2020-10-28T17:40:16.258+0800: 0.762: [Tenured: 322089K->310307K(349568K), 0.0463050 secs] 461674K->310307K(506816K), [Metaspace: 2637K->2637K(1056768K)], 0.0464783 secs] [Times: user=0.05 sys=0.00, real=0.05 secs] 
2020-10-28T17:40:16.324+0800: 0.828: [GC (Allocation Failure) 2020-10-28T17:40:16.324+0800: 0.828: [DefNew: 139776K->17469K(157248K), 0.0108310 secs] 450083K->358411K(506816K), 0.0109301 secs] [Times: user=0.00 sys=0.01, real=0.01 secs] 
2020-10-28T17:40:16.352+0800: 0.856: [GC (Allocation Failure) 2020-10-28T17:40:16.352+0800: 0.856: [DefNew: 157245K->157245K(157248K), 0.0000200 secs]2020-10-28T17:40:16.352+0800: 0.856: [Tenured: 340941K->349038K(349568K), 0.0505770 secs] 498187K->349038K(506816K), [Metaspace: 2637K->2637K(1056768K)], 0.0506970 secs] [Times: user=0.05 sys=0.00, real=0.05 secs] 
2020-10-28T17:40:16.421+0800: 0.925: [GC (Allocation Failure) 2020-10-28T17:40:16.421+0800: 0.925: [DefNew: 139776K->139776K(157248K), 0.0000188 secs]2020-10-28T17:40:16.421+0800: 0.925: [Tenured: 349038K->349554K(349568K), 0.0486230 secs] 488814K->355349K(506816K), [Metaspace: 2637K->2637K(1056768K)], 0.0487381 secs] [Times: user=0.05 sys=0.00, real=0.05 secs] 
2020-10-28T17:40:16.490+0800: 0.994: [Full GC (Allocation Failure) 2020-10-28T17:40:16.490+0800: 0.994: [Tenured: 349554K->349327K(349568K), 0.0515195 secs] 506716K->356644K(506816K), [Metaspace: 2637K->2637K(1056768K)], 0.0516162 secs] [Times: user=0.05 sys=0.00, real=0.05 secs] 
2020-10-28T17:40:16.564+0800: 1.068: [Full GC (Allocation Failure) 2020-10-28T17:40:16.564+0800: 1.068: [Tenured: 349327K->343432K(349568K), 0.0570005 secs] 506397K->343432K(506816K), [Metaspace: 2637K->2637K(1056768K)], 0.0570926 secs] [Times: user=0.06 sys=0.00, real=0.06 secs] 
Heap
 def new generation   total 157248K, used 5905K [0x00000000e0000000, 0x00000000eaaa0000, 0x00000000eaaa0000)
  eden space 139776K,   4% used [0x00000000e0000000, 0x00000000e05c4748, 0x00000000e8880000)
  from space 17472K,   0% used [0x00000000e9990000, 0x00000000e9990000, 0x00000000eaaa0000)
  to   space 17472K,   0% used [0x00000000e8880000, 0x00000000e8880000, 0x00000000e9990000)
 tenured generation   total 349568K, used 343432K [0x00000000eaaa0000, 0x0000000100000000, 0x0000000100000000)
   the space 349568K,  98% used [0x00000000eaaa0000, 0x00000000ffa021d0, 0x00000000ffa02200, 0x0000000100000000)
 Metaspace       used 2643K, capacity 4486K, committed 4864K, reserved 1056768K
  class space    used 291K, capacity 386K, committed 512K, reserved 1048576K
